I'm sorry, but errors were detected in your script. Please correct the
errors listed below, and try again.


File "game/scenario/3_canon.rpy", line 2846: Line is indented, but the preceding scene statement statement does not expect a block. Please check this line's indentation. You may have forgotten a colon (:).
    $ showP("iris", "desaccord", 0.50)  
    ^

File "game/scenario/3_canon.rpy", line 2916: end of line expected.
    elif "énoncé" in selected.lower():
                  ^

File "game/scenario/3_canon.rpy", line 2923: end of line expected.
    elif "appro" in selected.lower():
                 ^

Ren'Py Version: Ren'Py 8.3.7.25031702
Thu Feb 26 11:02:21 2026
